../Drivers/CMSIS/Include/core_cm4.h:2064:26:ITM_SendChar	16	static,ignoring_inline_asm
../Core/Src/main.c:82:10:Request_Moisture_Data	4	static
../Core/Src/main.c:87:10:Average_Moisture_Data	4	static
../Core/Src/main.c:92:6:Adjustor_Change	16	static
../Core/Src/main.c:114:6:Request_Moisture_Threshold	4	static
../Core/Src/main.c:119:6:Moisture_Level_Vs_Threshold	4	static
../Core/Src/main.c:124:6:Open_Motor	4	static
../Core/Src/main.c:129:6:Set_LED_Pin	16	static
../Core/Src/main.c:160:5:main	16	static
../Core/Src/main.c:251:6:SystemClock_Config	88	static
../Core/Src/main.c:298:13:MX_TIM2_Init	32	static
../Core/Src/main.c:343:13:MX_USART2_UART_Init	8	static
../Core/Src/main.c:376:13:MX_GPIO_Init	48	static
../Core/Src/main.c:434:5:_write	32	static
../Core/Src/main.c:450:6:Error_Handler	4	static,ignoring_inline_asm
